
There are no discarded input sections

Memory Configuration

Name             Origin             Length             Attributes
mem              0x00000000         0x04000000         xrw
*default*        0x00000000         0xffffffff

Linker script and memory map

                0x00010000                        . = 0x10000

.startup        0x00010000        0xc
 startup.o(.text)
 .text          0x00010000        0xc startup.o
                0x00010000                reset

.text           0x0001000c       0x74
 *(.text)
 .text          0x0001000c       0x1c app.o
                0x0001000c                main
 .text          0x00010028       0x58 uart.o
                0x00010028                UART_SEND_STRING
 *(.rodata)

.glue_7         0x00010080        0x0
 .glue_7        0x00010080        0x0 linker stubs

.glue_7t        0x00010080        0x0
 .glue_7t       0x00010080        0x0 linker stubs

.vfp11_veneer   0x00010080        0x0
 .vfp11_veneer  0x00010080        0x0 linker stubs

.v4_bx          0x00010080        0x0
 .v4_bx         0x00010080        0x0 linker stubs

.iplt           0x00010080        0x0
 .iplt          0x00010080        0x0 startup.o

.rel.dyn        0x00010080        0x0
 .rel.iplt      0x00010080        0x0 startup.o

.data           0x00010080       0x64
 *(.data)
 .data          0x00010080        0x0 startup.o
 .data          0x00010080       0x64 app.o
                0x00010080                string_buffer
 .data          0x000100e4        0x0 uart.o

.igot.plt       0x000100e4        0x0
 .igot.plt      0x000100e4        0x0 startup.o

.bss            0x000100e4        0x0
 *(.bss)
 .bss           0x000100e4        0x0 startup.o
 .bss           0x000100e4        0x0 app.o
 .bss           0x000100e4        0x0 uart.o
                0x000110e4                        . = (. + 0x1000)
                0x000110e4                        stack_top = .
LOAD startup.o
LOAD app.o
LOAD uart.o
OUTPUT(learn_in_depth.elf elf32-littlearm)
LOAD linker stubs

.ARM.attributes
                0x00000000       0x2e
 .ARM.attributes
                0x00000000       0x22 startup.o
 .ARM.attributes
                0x00000022       0x2c app.o
 .ARM.attributes
                0x0000004e       0x2c uart.o

.comment        0x00000000       0x45
 .comment       0x00000000       0x45 app.o
                                 0x46 (size before relaxing)
 .comment       0x00000045       0x46 uart.o

.debug_info     0x00000000       0x97
 .debug_info    0x00000000       0x97 uart.o

.debug_abbrev   0x00000000       0x6e
 .debug_abbrev  0x00000000       0x6e uart.o

.debug_aranges  0x00000000       0x20
 .debug_aranges
                0x00000000       0x20 uart.o

.debug_line     0x00000000       0x62
 .debug_line    0x00000000       0x62 uart.o

.debug_str      0x00000000      0x12a
 .debug_str     0x00000000      0x12a uart.o
                                0x143 (size before relaxing)

.debug_frame    0x00000000       0x30
 .debug_frame   0x00000000       0x30 uart.o
