
There are no discarded input sections

Memory Configuration

Name             Origin             Length             Attributes
flash            0x08000000         0x08000000         xr
sram             0x20000000         0x00005000         xrw
*default*        0x00000000         0xffffffff

Linker script and memory map


.text           0x08000000       0x9e
 *(.vectors*)
 .vectors       0x08000000       0x1c startup.o
 *(.text*)
 .text          0x0800001c       0x78 main.o
                0x0800001c                main
 .text          0x08000094        0xa startup.o

.rodata         0x080000a0        0x3
 .rodata        0x080000a0        0x3 main.o
                0x080000a0                const_varaibles

.glue_7         0x080000a4        0x0
 .glue_7        0x080000a4        0x0 linker stubs

.glue_7t        0x080000a4        0x0
 .glue_7t       0x080000a4        0x0 linker stubs

.vfp11_veneer   0x080000a4        0x0
 .vfp11_veneer  0x080000a4        0x0 linker stubs

.v4_bx          0x080000a4        0x0
 .v4_bx         0x080000a4        0x0 linker stubs

.iplt           0x080000a4        0x0
 .iplt          0x080000a4        0x0 main.o

.rel.dyn        0x080000a4        0x0
 .rel.iplt      0x080000a4        0x0 main.o

.data           0x080000a4        0x7
 *(.data*)
 .data          0x080000a4        0x7 main.o
                0x080000a4                R_ODR
                0x080000a8                g_varaibles
 .data          0x080000ab        0x0 startup.o

.igot.plt       0x080000ac        0x0
 .igot.plt      0x080000ac        0x0 main.o

.bss            0x20000000        0x0
 *(.bss*)
 .bss           0x20000000        0x0 main.o
 .bss           0x20000000        0x0 startup.o
LOAD main.o
LOAD startup.o
OUTPUT(Togle_Cortex_M3.elf elf32-littlearm)
LOAD linker stubs

.comment        0x00000000       0x45
 .comment       0x00000000       0x45 main.o
                                 0x46 (size before relaxing)

.ARM.attributes
                0x00000000       0x2b
 .ARM.attributes
                0x00000000       0x2d main.o
 .ARM.attributes
                0x0000002d       0x21 startup.o
